2025-10-31 15:34:12.371 | INFO     | src.data.processing:data_processing_inference:29 - STEP 1: Data Cleaning - Removing unnecessary columns.
2025-10-31 15:34:12.431 | INFO     | src.data.processing:_drop_features:145 - drop fratures ['id', 'NObeyesdad']
2025-10-31 15:34:12.440 | INFO     | src.data.processing:data_processing_inference:33 - STEP 2: Feature Engineering - Creating new derived features.
2025-10-31 15:34:12.441 | INFO     | src.data.processing:_change_height_units:74 - Changing the height units to centimeters.
2025-10-31 15:34:12.445 | INFO     | src.data.processing:_create_bmi_feature:81 - Creating a new column for the BMI (Body Mass Index) values from data samples.
2025-10-31 15:34:12.450 | INFO     | src.data.processing:_create_inmm_features:88 - Creating a new column for the INMM (Ideal Number of Main Meals?) values from data sample.
2025-10-31 15:34:12.457 | INFO     | src.data.processing:data_processing_inference:39 - STEP 3: Feature Transformation - Categorizing and transforming numeric columns.
2025-10-31 15:34:12.458 | INFO     | src.data.processing:data_processing_inference:40 - Loading 'qcut_bins' (Age quantile bins) from D:\My_project\e2e_ml\models\artifacts
2025-10-31 15:34:12.465 | INFO     | src.data.processing:_categorize_numerical_columns:107 - Categorizing the 'Age' column into discrete categories.
2025-10-31 15:34:12.485 | INFO     | src.data.processing:_transform_numerical_columns:97 - Transforming (Log + 1 transformation) to the ['Height', 'Weight', 'FCVC', 'NCP', 'CH2O', 'FAF', 'TUE', 'BMI'] columns.
2025-10-31 15:34:12.501 | INFO     | src.data.processing:data_processing_inference:48 - Loading 'scalers' (StandardScaler objects) from D:\My_project\e2e_ml\models\artifacts
2025-10-31 15:34:12.508 | INFO     | src.data.processing:_scales_numerical_columns:120 - Scaling the ['Height', 'Weight', 'FCVC', 'NCP', 'CH2O', 'FAF', 'TUE', 'BMI'] columns.
2025-10-31 15:34:12.530 | INFO     | src.data.processing:data_processing_inference:56 - STEP 4: Feature Encoding - Applying OneHotEncoder to categorical columns.
2025-10-31 15:34:12.530 | INFO     | src.data.processing:data_processing_inference:57 - Loading 'features_encoder' (OneHotEncoder) from D:\My_project\e2e_ml\models\artifacts
2025-10-31 15:34:12.536 | INFO     | src.data.processing:_encode_categorical_columns:132 - Encoding the ['Gender' 'Age' 'family_history_with_overweight' 'FAVC' 'CAEC' 'SMOKE'
 'SCC' 'CALC' 'MTRANS' 'INMM'] columns.
2025-10-31 15:34:12.701 | INFO     | src.data.processing:data_processing_inference:65 - STEP 5: Feature Selection - Keeping only selected model features.
2025-10-31 15:34:12.704 | INFO     | src.data.processing:data_processing_inference:67 - Filtering the feature columns, keeping only ['Gender_Male', 'Age_q3', 'Age_q4', 'FAVC_yes', 'CALC_Sometimes', 'CALC_no', 'Weight', 'FCVC', 'NCP', 'FAF', 'TUE', 'BMI'] columns.
2025-10-31 15:34:12.704 | SUCCESS  | src.data.processing:data_processing_inference:69 - ✅ Data processing pipeline completed successfully.
2025-10-31 15:34:12.712 | INFO     | src.data.processing:data_processing_inference:29 - STEP 1: Data Cleaning - Removing unnecessary columns.
2025-10-31 15:34:12.712 | INFO     | src.data.processing:_drop_features:145 - drop fratures ['id', 'NObeyesdad']
2025-10-31 15:34:12.720 | INFO     | src.data.processing:data_processing_inference:33 - STEP 2: Feature Engineering - Creating new derived features.
2025-10-31 15:34:12.720 | INFO     | src.data.processing:_change_height_units:74 - Changing the height units to centimeters.
2025-10-31 15:34:12.725 | INFO     | src.data.processing:_create_bmi_feature:81 - Creating a new column for the BMI (Body Mass Index) values from data samples.
2025-10-31 15:34:12.730 | INFO     | src.data.processing:_create_inmm_features:88 - Creating a new column for the INMM (Ideal Number of Main Meals?) values from data sample.
2025-10-31 15:34:12.737 | INFO     | src.data.processing:data_processing_inference:39 - STEP 3: Feature Transformation - Categorizing and transforming numeric columns.
2025-10-31 15:34:12.737 | INFO     | src.data.processing:data_processing_inference:40 - Loading 'qcut_bins' (Age quantile bins) from D:\My_project\e2e_ml\models\artifacts
2025-10-31 15:34:12.743 | INFO     | src.data.processing:_categorize_numerical_columns:107 - Categorizing the 'Age' column into discrete categories.
2025-10-31 15:34:12.759 | INFO     | src.data.processing:_transform_numerical_columns:97 - Transforming (Log + 1 transformation) to the ['Height', 'Weight', 'FCVC', 'NCP', 'CH2O', 'FAF', 'TUE', 'BMI'] columns.
2025-10-31 15:34:12.770 | INFO     | src.data.processing:data_processing_inference:48 - Loading 'scalers' (StandardScaler objects) from D:\My_project\e2e_ml\models\artifacts
2025-10-31 15:34:12.775 | INFO     | src.data.processing:_scales_numerical_columns:120 - Scaling the ['Height', 'Weight', 'FCVC', 'NCP', 'CH2O', 'FAF', 'TUE', 'BMI'] columns.
2025-10-31 15:34:12.781 | INFO     | src.data.processing:data_processing_inference:56 - STEP 4: Feature Encoding - Applying OneHotEncoder to categorical columns.
2025-10-31 15:34:12.781 | INFO     | src.data.processing:data_processing_inference:57 - Loading 'features_encoder' (OneHotEncoder) from D:\My_project\e2e_ml\models\artifacts
2025-10-31 15:34:12.783 | INFO     | src.data.processing:_encode_categorical_columns:132 - Encoding the ['Gender' 'Age' 'family_history_with_overweight' 'FAVC' 'CAEC' 'SMOKE'
 'SCC' 'CALC' 'MTRANS' 'INMM'] columns.
2025-10-31 15:34:12.904 | INFO     | src.data.processing:data_processing_inference:65 - STEP 5: Feature Selection - Keeping only selected model features.
2025-10-31 15:34:12.907 | INFO     | src.data.processing:data_processing_inference:67 - Filtering the feature columns, keeping only ['Gender_Male', 'Age_q3', 'Age_q4', 'FAVC_yes', 'CALC_Sometimes', 'CALC_no', 'Weight', 'FCVC', 'NCP', 'FAF', 'TUE', 'BMI'] columns.
2025-10-31 15:34:12.907 | SUCCESS  | src.data.processing:data_processing_inference:69 - ✅ Data processing pipeline completed successfully.
2025-10-31 15:34:13.145 | INFO     | src.model.inference:predict:93 - Prediction: [6 0 0 ... 2 6 3].
2025-10-31 15:34:13.399 | INFO     | src.model.inference:predict:93 - Prediction: ['Overweight_Level_II' 'Insufficient_Weight' 'Insufficient_Weight' ...
 'Obesity_Type_I' 'Overweight_Level_II' 'Obesity_Type_II'].
2025-10-31 15:34:41.171 | INFO     | src.data.processing:_change_height_units:74 - Changing the height units to centimeters.
2025-10-31 15:34:41.181 | INFO     | src.data.processing:_create_bmi_feature:81 - Creating a new column for the BMI (Body Mass Index) values from data samples.
2025-10-31 15:34:41.188 | INFO     | src.data.processing:_create_inmm_features:88 - Creating a new column for the INMM (Ideal Number of Main Meals?) values from data sample.
2025-10-31 15:34:41.198 | INFO     | src.data.processing:_categorize_numerical_columns:107 - Categorizing the 'Age' column into discrete categories.
2025-10-31 15:34:41.213 | INFO     | src.data.processing:_change_height_units:74 - Changing the height units to centimeters.
2025-10-31 15:34:41.216 | INFO     | src.data.processing:_create_bmi_feature:81 - Creating a new column for the BMI (Body Mass Index) values from data samples.
2025-10-31 15:34:41.219 | INFO     | src.data.processing:_create_inmm_features:88 - Creating a new column for the INMM (Ideal Number of Main Meals?) values from data sample.
2025-10-31 15:34:41.225 | INFO     | src.data.processing:_drop_features:145 - drop fratures ['id', 'Age', 'NObeyesdad']
2025-10-31 15:34:41.243 | INFO     | src.data.processing:_transform_numerical_columns:97 - Transforming (Log + 1 transformation) to the ['Height', 'Weight', 'FCVC', 'NCP', 'CH2O', 'FAF', 'TUE', 'BMI'] columns.
2025-10-31 15:34:41.253 | INFO     | src.data.processing:_scales_numerical_columns:120 - Scaling the ['Height', 'Weight', 'FCVC', 'NCP', 'CH2O', 'FAF', 'TUE', 'BMI'] columns.
2025-10-31 15:34:41.267 | INFO     | src.data.processing:_change_height_units:74 - Changing the height units to centimeters.
2025-10-31 15:34:41.270 | INFO     | src.data.processing:_create_bmi_feature:81 - Creating a new column for the BMI (Body Mass Index) values from data samples.
2025-10-31 15:34:41.274 | INFO     | src.data.processing:_create_inmm_features:88 - Creating a new column for the INMM (Ideal Number of Main Meals?) values from data sample.
2025-10-31 15:34:41.280 | INFO     | src.data.processing:_drop_features:145 - drop fratures ['id', 'Age', 'NObeyesdad']
2025-10-31 15:34:41.296 | INFO     | src.data.processing:_transform_numerical_columns:97 - Transforming (Log + 1 transformation) to the ['Height', 'Weight', 'FCVC', 'NCP', 'CH2O', 'FAF', 'TUE', 'BMI'] columns.
2025-10-31 15:34:41.321 | INFO     | src.data.processing:_create_inmm_features:88 - Creating a new column for the INMM (Ideal Number of Main Meals?) values from data sample.
2025-10-31 15:34:41.329 | INFO     | src.data.processing:_categorize_numerical_columns:107 - Categorizing the 'Age' column into discrete categories.
2025-10-31 15:34:41.341 | INFO     | src.data.processing:_encode_categorical_columns:132 - Encoding the ['Gender' 'Age' 'family_history_with_overweight' 'FAVC' 'CAEC' 'SMOKE'
 'SCC' 'CALC' 'MTRANS' 'INMM'] columns.
2025-10-31 15:34:41.437 | INFO     | src.data.utils:download_dataset:62 - Downloading dataset aravindpcoder/obesity-or-cvd-risk-classifyregressorcluster and saving into the folder D:\My_project\e2e_ml\data.
2025-10-31 15:34:45.838 | INFO     | src.data.utils:download_dataset:62 - Downloading dataset playground-series-s4e2 and saving into the folder D:\My_project\e2e_ml\data.
2025-10-31 15:34:49.377 | INFO     | src.data.processing:data_processing_inference:29 - STEP 1: Data Cleaning - Removing unnecessary columns.
2025-10-31 15:34:49.378 | INFO     | src.data.processing:_drop_features:145 - drop fratures ['id', 'NObeyesdad']
2025-10-31 15:34:49.379 | INFO     | src.data.processing:data_processing_inference:33 - STEP 2: Feature Engineering - Creating new derived features.
2025-10-31 15:34:49.379 | INFO     | src.data.processing:_change_height_units:74 - Changing the height units to centimeters.
2025-10-31 15:34:49.379 | INFO     | src.data.processing:_create_bmi_feature:81 - Creating a new column for the BMI (Body Mass Index) values from data samples.
2025-10-31 15:34:49.380 | INFO     | src.data.processing:_create_inmm_features:88 - Creating a new column for the INMM (Ideal Number of Main Meals?) values from data sample.
2025-10-31 15:34:49.381 | INFO     | src.data.processing:data_processing_inference:39 - STEP 3: Feature Transformation - Categorizing and transforming numeric columns.
2025-10-31 15:34:49.381 | INFO     | src.data.processing:data_processing_inference:40 - Loading 'qcut_bins' (Age quantile bins) from D:\My_project\e2e_ml\models\artifacts
2025-10-31 15:34:49.383 | INFO     | src.data.processing:_categorize_numerical_columns:107 - Categorizing the 'Age' column into discrete categories.
2025-10-31 15:34:49.386 | INFO     | src.data.processing:_transform_numerical_columns:97 - Transforming (Log + 1 transformation) to the ['Height', 'Weight', 'FCVC', 'NCP', 'CH2O', 'FAF', 'TUE', 'BMI'] columns.
2025-10-31 15:34:49.392 | INFO     | src.data.processing:data_processing_inference:48 - Loading 'scalers' (StandardScaler objects) from D:\My_project\e2e_ml\models\artifacts
2025-10-31 15:34:49.393 | INFO     | src.data.processing:_scales_numerical_columns:120 - Scaling the ['Height', 'Weight', 'FCVC', 'NCP', 'CH2O', 'FAF', 'TUE', 'BMI'] columns.
2025-10-31 15:34:49.401 | INFO     | src.data.processing:data_processing_inference:56 - STEP 4: Feature Encoding - Applying OneHotEncoder to categorical columns.
2025-10-31 15:34:49.401 | INFO     | src.data.processing:data_processing_inference:57 - Loading 'features_encoder' (OneHotEncoder) from D:\My_project\e2e_ml\models\artifacts
2025-10-31 15:34:49.403 | INFO     | src.data.processing:_encode_categorical_columns:132 - Encoding the ['Gender' 'Age' 'family_history_with_overweight' 'FAVC' 'CAEC' 'SMOKE'
 'SCC' 'CALC' 'MTRANS' 'INMM'] columns.
2025-10-31 15:34:49.411 | INFO     | src.data.processing:data_processing_inference:65 - STEP 5: Feature Selection - Keeping only selected model features.
2025-10-31 15:34:49.412 | INFO     | src.data.processing:data_processing_inference:67 - Filtering the feature columns, keeping only ['Gender_Male', 'Age_q3', 'Age_q4', 'FAVC_yes', 'CALC_Sometimes', 'CALC_no', 'Weight', 'FCVC', 'NCP', 'FAF', 'TUE', 'BMI'] columns.
2025-10-31 15:34:49.413 | SUCCESS  | src.data.processing:data_processing_inference:69 - ✅ Data processing pipeline completed successfully.
2025-10-31 15:34:49.421 | INFO     | src.model.inference:predict:93 - Prediction: ['Overweight_Level_I'].
2025-10-31 15:38:24.999 | INFO     | src.data.processing:data_processing_inference:29 - STEP 1: Data Cleaning - Removing unnecessary columns.
2025-10-31 15:38:25.000 | INFO     | src.data.processing:_drop_features:145 - drop fratures ['id', 'NObeyesdad']
2025-10-31 15:38:25.007 | INFO     | src.data.processing:data_processing_inference:33 - STEP 2: Feature Engineering - Creating new derived features.
2025-10-31 15:38:25.007 | INFO     | src.data.processing:_change_height_units:74 - Changing the height units to centimeters.
2025-10-31 15:38:25.010 | INFO     | src.data.processing:_create_bmi_feature:81 - Creating a new column for the BMI (Body Mass Index) values from data samples.
2025-10-31 15:38:25.012 | INFO     | src.data.processing:_create_inmm_features:88 - Creating a new column for the INMM (Ideal Number of Main Meals?) values from data sample.
2025-10-31 15:38:25.016 | INFO     | src.data.processing:data_processing_inference:39 - STEP 3: Feature Transformation - Categorizing and transforming numeric columns.
2025-10-31 15:38:25.016 | INFO     | src.data.processing:data_processing_inference:40 - Loading 'qcut_bins' (Age quantile bins) from D:\My_project\e2e_ml\models\artifacts
2025-10-31 15:38:25.019 | INFO     | src.data.processing:_categorize_numerical_columns:107 - Categorizing the 'Age' column into discrete categories.
2025-10-31 15:38:25.030 | INFO     | src.data.processing:_transform_numerical_columns:97 - Transforming (Log + 1 transformation) to the ['Height', 'Weight', 'FCVC', 'NCP', 'CH2O', 'FAF', 'TUE', 'BMI'] columns.
2025-10-31 15:38:25.034 | INFO     | src.data.processing:data_processing_inference:48 - Loading 'scalers' (StandardScaler objects) from D:\My_project\e2e_ml\models\artifacts
2025-10-31 15:38:25.037 | INFO     | src.data.processing:_scales_numerical_columns:120 - Scaling the ['Height', 'Weight', 'FCVC', 'NCP', 'CH2O', 'FAF', 'TUE', 'BMI'] columns.
2025-10-31 15:38:25.041 | INFO     | src.data.processing:data_processing_inference:56 - STEP 4: Feature Encoding - Applying OneHotEncoder to categorical columns.
2025-10-31 15:38:25.041 | INFO     | src.data.processing:data_processing_inference:57 - Loading 'features_encoder' (OneHotEncoder) from D:\My_project\e2e_ml\models\artifacts
2025-10-31 15:38:25.042 | INFO     | src.data.processing:_encode_categorical_columns:132 - Encoding the ['Gender' 'Age' 'family_history_with_overweight' 'FAVC' 'CAEC' 'SMOKE'
 'SCC' 'CALC' 'MTRANS' 'INMM'] columns.
2025-10-31 15:38:25.111 | INFO     | src.data.processing:data_processing_inference:65 - STEP 5: Feature Selection - Keeping only selected model features.
2025-10-31 15:38:25.113 | INFO     | src.data.processing:data_processing_inference:67 - Filtering the feature columns, keeping only ['Gender_Male', 'Age_q3', 'Age_q4', 'FAVC_yes', 'CALC_Sometimes', 'CALC_no', 'Weight', 'FCVC', 'NCP', 'FAF', 'TUE', 'BMI'] columns.
2025-10-31 15:38:25.113 | SUCCESS  | src.data.processing:data_processing_inference:69 - ✅ Data processing pipeline completed successfully.
2025-10-31 15:38:25.118 | INFO     | src.data.processing:data_processing_inference:29 - STEP 1: Data Cleaning - Removing unnecessary columns.
2025-10-31 15:38:25.118 | INFO     | src.data.processing:_drop_features:145 - drop fratures ['id', 'NObeyesdad']
2025-10-31 15:38:25.122 | INFO     | src.data.processing:data_processing_inference:33 - STEP 2: Feature Engineering - Creating new derived features.
2025-10-31 15:38:25.122 | INFO     | src.data.processing:_change_height_units:74 - Changing the height units to centimeters.
2025-10-31 15:38:25.125 | INFO     | src.data.processing:_create_bmi_feature:81 - Creating a new column for the BMI (Body Mass Index) values from data samples.
2025-10-31 15:38:25.127 | INFO     | src.data.processing:_create_inmm_features:88 - Creating a new column for the INMM (Ideal Number of Main Meals?) values from data sample.
2025-10-31 15:38:25.130 | INFO     | src.data.processing:data_processing_inference:39 - STEP 3: Feature Transformation - Categorizing and transforming numeric columns.
2025-10-31 15:38:25.130 | INFO     | src.data.processing:data_processing_inference:40 - Loading 'qcut_bins' (Age quantile bins) from D:\My_project\e2e_ml\models\artifacts
2025-10-31 15:38:25.135 | INFO     | src.data.processing:_categorize_numerical_columns:107 - Categorizing the 'Age' column into discrete categories.
2025-10-31 15:38:25.148 | INFO     | src.data.processing:_transform_numerical_columns:97 - Transforming (Log + 1 transformation) to the ['Height', 'Weight', 'FCVC', 'NCP', 'CH2O', 'FAF', 'TUE', 'BMI'] columns.
2025-10-31 15:38:25.154 | INFO     | src.data.processing:data_processing_inference:48 - Loading 'scalers' (StandardScaler objects) from D:\My_project\e2e_ml\models\artifacts
2025-10-31 15:38:25.156 | INFO     | src.data.processing:_scales_numerical_columns:120 - Scaling the ['Height', 'Weight', 'FCVC', 'NCP', 'CH2O', 'FAF', 'TUE', 'BMI'] columns.
2025-10-31 15:38:25.160 | INFO     | src.data.processing:data_processing_inference:56 - STEP 4: Feature Encoding - Applying OneHotEncoder to categorical columns.
2025-10-31 15:38:25.161 | INFO     | src.data.processing:data_processing_inference:57 - Loading 'features_encoder' (OneHotEncoder) from D:\My_project\e2e_ml\models\artifacts
2025-10-31 15:38:25.163 | INFO     | src.data.processing:_encode_categorical_columns:132 - Encoding the ['Gender' 'Age' 'family_history_with_overweight' 'FAVC' 'CAEC' 'SMOKE'
 'SCC' 'CALC' 'MTRANS' 'INMM'] columns.
2025-10-31 15:38:25.239 | INFO     | src.data.processing:data_processing_inference:65 - STEP 5: Feature Selection - Keeping only selected model features.
2025-10-31 15:38:25.240 | INFO     | src.data.processing:data_processing_inference:67 - Filtering the feature columns, keeping only ['Gender_Male', 'Age_q3', 'Age_q4', 'FAVC_yes', 'CALC_Sometimes', 'CALC_no', 'Weight', 'FCVC', 'NCP', 'FAF', 'TUE', 'BMI'] columns.
2025-10-31 15:38:25.242 | SUCCESS  | src.data.processing:data_processing_inference:69 - ✅ Data processing pipeline completed successfully.
2025-10-31 15:38:25.448 | INFO     | src.model.inference:predict:93 - Prediction: [6 0 0 ... 2 6 3].
2025-10-31 15:38:25.666 | INFO     | src.model.inference:predict:93 - Prediction: ['Overweight_Level_II' 'Insufficient_Weight' 'Insufficient_Weight' ...
 'Obesity_Type_I' 'Overweight_Level_II' 'Obesity_Type_II'].
2025-10-31 15:38:46.516 | INFO     | src.data.processing:_change_height_units:74 - Changing the height units to centimeters.
2025-10-31 15:38:46.532 | INFO     | src.data.processing:_create_bmi_feature:81 - Creating a new column for the BMI (Body Mass Index) values from data samples.
2025-10-31 15:38:46.542 | INFO     | src.data.processing:_create_inmm_features:88 - Creating a new column for the INMM (Ideal Number of Main Meals?) values from data sample.
2025-10-31 15:38:46.556 | INFO     | src.data.processing:_categorize_numerical_columns:107 - Categorizing the 'Age' column into discrete categories.
2025-10-31 15:38:46.574 | INFO     | src.data.processing:_change_height_units:74 - Changing the height units to centimeters.
2025-10-31 15:38:46.578 | INFO     | src.data.processing:_create_bmi_feature:81 - Creating a new column for the BMI (Body Mass Index) values from data samples.
2025-10-31 15:38:46.583 | INFO     | src.data.processing:_create_inmm_features:88 - Creating a new column for the INMM (Ideal Number of Main Meals?) values from data sample.
2025-10-31 15:38:46.589 | INFO     | src.data.processing:_drop_features:145 - drop fratures ['id', 'Age', 'NObeyesdad']
2025-10-31 15:38:46.608 | INFO     | src.data.processing:_transform_numerical_columns:97 - Transforming (Log + 1 transformation) to the ['Height', 'Weight', 'FCVC', 'NCP', 'CH2O', 'FAF', 'TUE', 'BMI'] columns.
2025-10-31 15:38:46.615 | INFO     | src.data.processing:_scales_numerical_columns:120 - Scaling the ['Height', 'Weight', 'FCVC', 'NCP', 'CH2O', 'FAF', 'TUE', 'BMI'] columns.
2025-10-31 15:38:46.625 | INFO     | src.data.processing:_change_height_units:74 - Changing the height units to centimeters.
2025-10-31 15:38:46.627 | INFO     | src.data.processing:_create_bmi_feature:81 - Creating a new column for the BMI (Body Mass Index) values from data samples.
2025-10-31 15:38:46.629 | INFO     | src.data.processing:_create_inmm_features:88 - Creating a new column for the INMM (Ideal Number of Main Meals?) values from data sample.
2025-10-31 15:38:46.633 | INFO     | src.data.processing:_drop_features:145 - drop fratures ['id', 'Age', 'NObeyesdad']
2025-10-31 15:38:46.643 | INFO     | src.data.processing:_transform_numerical_columns:97 - Transforming (Log + 1 transformation) to the ['Height', 'Weight', 'FCVC', 'NCP', 'CH2O', 'FAF', 'TUE', 'BMI'] columns.
2025-10-31 15:38:46.661 | INFO     | src.data.processing:_create_inmm_features:88 - Creating a new column for the INMM (Ideal Number of Main Meals?) values from data sample.
2025-10-31 15:38:46.667 | INFO     | src.data.processing:_categorize_numerical_columns:107 - Categorizing the 'Age' column into discrete categories.
2025-10-31 15:38:46.675 | INFO     | src.data.processing:_encode_categorical_columns:132 - Encoding the ['Gender' 'Age' 'family_history_with_overweight' 'FAVC' 'CAEC' 'SMOKE'
 'SCC' 'CALC' 'MTRANS' 'INMM'] columns.
2025-10-31 15:38:46.744 | INFO     | src.data.utils:download_dataset:62 - Downloading dataset aravindpcoder/obesity-or-cvd-risk-classifyregressorcluster and saving into the folder D:\My_project\e2e_ml\data.
2025-10-31 15:38:50.063 | INFO     | src.data.utils:download_dataset:62 - Downloading dataset playground-series-s4e2 and saving into the folder D:\My_project\e2e_ml\data.
2025-10-31 15:38:54.126 | INFO     | src.data.processing:data_processing_inference:29 - STEP 1: Data Cleaning - Removing unnecessary columns.
2025-10-31 15:38:54.126 | INFO     | src.data.processing:_drop_features:145 - drop fratures ['id', 'NObeyesdad']
2025-10-31 15:38:54.127 | INFO     | src.data.processing:data_processing_inference:33 - STEP 2: Feature Engineering - Creating new derived features.
2025-10-31 15:38:54.127 | INFO     | src.data.processing:_change_height_units:74 - Changing the height units to centimeters.
2025-10-31 15:38:54.127 | INFO     | src.data.processing:_create_bmi_feature:81 - Creating a new column for the BMI (Body Mass Index) values from data samples.
2025-10-31 15:38:54.128 | INFO     | src.data.processing:_create_inmm_features:88 - Creating a new column for the INMM (Ideal Number of Main Meals?) values from data sample.
2025-10-31 15:38:54.129 | INFO     | src.data.processing:data_processing_inference:39 - STEP 3: Feature Transformation - Categorizing and transforming numeric columns.
2025-10-31 15:38:54.129 | INFO     | src.data.processing:data_processing_inference:40 - Loading 'qcut_bins' (Age quantile bins) from D:\My_project\e2e_ml\models\artifacts
2025-10-31 15:38:54.130 | INFO     | src.data.processing:_categorize_numerical_columns:107 - Categorizing the 'Age' column into discrete categories.
2025-10-31 15:38:54.132 | INFO     | src.data.processing:_transform_numerical_columns:97 - Transforming (Log + 1 transformation) to the ['Height', 'Weight', 'FCVC', 'NCP', 'CH2O', 'FAF', 'TUE', 'BMI'] columns.
2025-10-31 15:38:54.134 | INFO     | src.data.processing:data_processing_inference:48 - Loading 'scalers' (StandardScaler objects) from D:\My_project\e2e_ml\models\artifacts
2025-10-31 15:38:54.134 | INFO     | src.data.processing:_scales_numerical_columns:120 - Scaling the ['Height', 'Weight', 'FCVC', 'NCP', 'CH2O', 'FAF', 'TUE', 'BMI'] columns.
2025-10-31 15:38:54.137 | INFO     | src.data.processing:data_processing_inference:56 - STEP 4: Feature Encoding - Applying OneHotEncoder to categorical columns.
2025-10-31 15:38:54.137 | INFO     | src.data.processing:data_processing_inference:57 - Loading 'features_encoder' (OneHotEncoder) from D:\My_project\e2e_ml\models\artifacts
2025-10-31 15:38:54.138 | INFO     | src.data.processing:_encode_categorical_columns:132 - Encoding the ['Gender' 'Age' 'family_history_with_overweight' 'FAVC' 'CAEC' 'SMOKE'
 'SCC' 'CALC' 'MTRANS' 'INMM'] columns.
2025-10-31 15:38:54.144 | INFO     | src.data.processing:data_processing_inference:65 - STEP 5: Feature Selection - Keeping only selected model features.
2025-10-31 15:38:54.145 | INFO     | src.data.processing:data_processing_inference:67 - Filtering the feature columns, keeping only ['Gender_Male', 'Age_q3', 'Age_q4', 'FAVC_yes', 'CALC_Sometimes', 'CALC_no', 'Weight', 'FCVC', 'NCP', 'FAF', 'TUE', 'BMI'] columns.
2025-10-31 15:38:54.146 | SUCCESS  | src.data.processing:data_processing_inference:69 - ✅ Data processing pipeline completed successfully.
2025-10-31 15:38:54.150 | INFO     | src.model.inference:predict:93 - Prediction: ['Overweight_Level_I'].
